applicationName
builtInExtensions
builtInExtensionsEnabledWithAutoUpdates
commit
dataFolderName
date
defaultChatAgent
enableTelemetry
licenseFileName
licenseName
licenseUrl
linkProtectionTrustedDomains
nameLong
nameShort
onboardingKeymaps
onboardingThemes
quality
reportIssueUrl
serverApplicationName
serverDataFolderName
serverGreeting
serverLicense
serverLicensePrompt
serverLicenseUrl
sessionsWindowAllowedExtensions
sharedDataFolderName
telemetryOptIn
trustedExtensionAuthAccess
urlProtocol
version
